bun : $ bun test --preload apps/example/src/test/setup-e2e.ts ./**/*.e2e-spec.ts
No linha:1 caractere:68
+ ... la Libs\koala-nest" ; bun run test:e2e 2>&1 > test-output.txt ; Get-C ...
+                           ~~~~~~~~~~~~~~~~~~~~~~~~~~~~~~~~~~~~~~~
    + CategoryInfo          : NotSpecified: ($ bun test --pr...*/*.e2e-spec.ts:String) [], 
    RemoteException
    + FullyQualifiedErrorId : NativeCommandError
 
bun test v1.3.5 (1e86cebd)

apps\example\src\host\controllers\person\person.controller.e2e-spec.ts:
Loaded Prisma config from prisma.config.ts.

Prisma schema loaded from prisma\schema.prisma.
Datasource "db": PostgreSQL database "09527e15-73f3-4d7f-9c04-344f57520443", schema "public" at "localhost:5432"

6 migrations found in prisma/migrations

Applying migration `20250320165043_init`
Applying migration `20250320171528_aplicando_map_de_tabelas_e_colunas`
Applying migration `20250321190248_incluindo_status_ao_person`
Applying migration `20250326185507_incluindo_tabela_de_endereco`
Applying migration `20250326195627_aplicando_on_delete_cascade`
Applying migration `20250326200821_removendo_ondelete_cascade`

The following migration(s) have been applied:

migrations/
  ÔööÔöÇ 20250320165043_init/
    ÔööÔöÇ migration.sql
  ÔööÔöÇ 20250320171528_aplicando_map_de_tabelas_e_colunas/
    ÔööÔöÇ migration.sql
  ÔööÔöÇ 20250321190248_incluindo_status_ao_person/
    ÔööÔöÇ migration.sql
  ÔööÔöÇ 20250326185507_incluindo_tabela_de_endereco/
    ÔööÔöÇ migration.sql
  ÔööÔöÇ 20250326195627_aplicando_on_delete_cascade/
    ÔööÔöÇ migration.sql
  ÔööÔöÇ 20250326200821_removendo_ondelete_cascade/
    ÔööÔöÇ migration.sql

All migrations have been successfully applied.
(pass) CRUD OF PERSON > should create a person [79.00ms]
(skip) CRUD OF PERSON > should get the created person
(skip) CRUD OF PERSON > should get all persons
(skip) CRUD OF PERSON > should get all inactive persons
(skip) CRUD OF PERSON > should get persons by name
(skip) CRUD OF PERSON > should update the created person
(skip) CRUD OF PERSON > should delete the created person
(fail) (unnamed) [5015.00ms]
  ^ a beforeEach/afterEach hook timed out for this test.

 1 pass
 6 skip
 1 fail
 2 expect() calls
Ran 8 tests across 1 file. [8.14s]
error: script "test:e2e" exited with code 1
